Archive member included because of file (symbol)

c:/program files (x86)/atmel/atmel toolchain/avr8 gcc/native/3.4.1061/avr8-gnu-toolchain/bin/../lib/gcc/avr/4.8.1/../../../../avr/lib/avr5\libm.a(addsf3.o)
                              oled.o (__subsf3)
c:/program files (x86)/atmel/atmel toolchain/avr8 gcc/native/3.4.1061/avr8-gnu-toolchain/bin/../lib/gcc/avr/4.8.1/../../../../avr/lib/avr5\libm.a(addsf3x.o)
                              c:/program files (x86)/atmel/atmel toolchain/avr8 gcc/native/3.4.1061/avr8-gnu-toolchain/bin/../lib/gcc/avr/4.8.1/../../../../avr/lib/avr5\libm.a(addsf3.o) (__addsf3x)
c:/program files (x86)/atmel/atmel toolchain/avr8 gcc/native/3.4.1061/avr8-gnu-toolchain/bin/../lib/gcc/avr/4.8.1/../../../../avr/lib/avr5\libm.a(cmpsf2.o)
                              oled.o (__ltsf2)
c:/program files (x86)/atmel/atmel toolchain/avr8 gcc/native/3.4.1061/avr8-gnu-toolchain/bin/../lib/gcc/avr/4.8.1/../../../../avr/lib/avr5\libm.a(divsf3.o)
                              input_conversion.o (__divsf3)
c:/program files (x86)/atmel/atmel toolchain/avr8 gcc/native/3.4.1061/avr8-gnu-toolchain/bin/../lib/gcc/avr/4.8.1/../../../../avr/lib/avr5\libm.a(divsf3x.o)
                              c:/program files (x86)/atmel/atmel toolchain/avr8 gcc/native/3.4.1061/avr8-gnu-toolchain/bin/../lib/gcc/avr/4.8.1/../../../../avr/lib/avr5\libm.a(divsf3.o) (__divsf3x)
c:/program files (x86)/atmel/atmel toolchain/avr8 gcc/native/3.4.1061/avr8-gnu-toolchain/bin/../lib/gcc/avr/4.8.1/../../../../avr/lib/avr5\libm.a(fixsfsi.o)
                              input_conversion.o (__fixsfsi)
c:/program files (x86)/atmel/atmel toolchain/avr8 gcc/native/3.4.1061/avr8-gnu-toolchain/bin/../lib/gcc/avr/4.8.1/../../../../avr/lib/avr5\libm.a(fixunssfsi.o)
                              c:/program files (x86)/atmel/atmel toolchain/avr8 gcc/native/3.4.1061/avr8-gnu-toolchain/bin/../lib/gcc/avr/4.8.1/../../../../avr/lib/avr5\libm.a(fixsfsi.o) (__fixunssfsi)
c:/program files (x86)/atmel/atmel toolchain/avr8 gcc/native/3.4.1061/avr8-gnu-toolchain/bin/../lib/gcc/avr/4.8.1/../../../../avr/lib/avr5\libm.a(floatsisf.o)
                              input_conversion.o (__floatsisf)
c:/program files (x86)/atmel/atmel toolchain/avr8 gcc/native/3.4.1061/avr8-gnu-toolchain/bin/../lib/gcc/avr/4.8.1/../../../../avr/lib/avr5\libm.a(fp_cmp.o)
                              c:/program files (x86)/atmel/atmel toolchain/avr8 gcc/native/3.4.1061/avr8-gnu-toolchain/bin/../lib/gcc/avr/4.8.1/../../../../avr/lib/avr5\libm.a(cmpsf2.o) (__fp_cmp)
c:/program files (x86)/atmel/atmel toolchain/avr8 gcc/native/3.4.1061/avr8-gnu-toolchain/bin/../lib/gcc/avr/4.8.1/../../../../avr/lib/avr5\libm.a(fp_inf.o)
                              c:/program files (x86)/atmel/atmel toolchain/avr8 gcc/native/3.4.1061/avr8-gnu-toolchain/bin/../lib/gcc/avr/4.8.1/../../../../avr/lib/avr5\libm.a(addsf3x.o) (__fp_inf)
c:/program files (x86)/atmel/atmel toolchain/avr8 gcc/native/3.4.1061/avr8-gnu-toolchain/bin/../lib/gcc/avr/4.8.1/../../../../avr/lib/avr5\libm.a(fp_nan.o)
                              c:/program files (x86)/atmel/atmel toolchain/avr8 gcc/native/3.4.1061/avr8-gnu-toolchain/bin/../lib/gcc/avr/4.8.1/../../../../avr/lib/avr5\libm.a(addsf3x.o) (__fp_nan)
c:/program files (x86)/atmel/atmel toolchain/avr8 gcc/native/3.4.1061/avr8-gnu-toolchain/bin/../lib/gcc/avr/4.8.1/../../../../avr/lib/avr5\libm.a(fp_pscA.o)
                              c:/program files (x86)/atmel/atmel toolchain/avr8 gcc/native/3.4.1061/avr8-gnu-toolchain/bin/../lib/gcc/avr/4.8.1/../../../../avr/lib/avr5\libm.a(addsf3x.o) (__fp_pscA)
c:/program files (x86)/atmel/atmel toolchain/avr8 gcc/native/3.4.1061/avr8-gnu-toolchain/bin/../lib/gcc/avr/4.8.1/../../../../avr/lib/avr5\libm.a(fp_pscB.o)
                              c:/program files (x86)/atmel/atmel toolchain/avr8 gcc/native/3.4.1061/avr8-gnu-toolchain/bin/../lib/gcc/avr/4.8.1/../../../../avr/lib/avr5\libm.a(addsf3x.o) (__fp_pscB)
c:/program files (x86)/atmel/atmel toolchain/avr8 gcc/native/3.4.1061/avr8-gnu-toolchain/bin/../lib/gcc/avr/4.8.1/../../../../avr/lib/avr5\libm.a(fp_round.o)
                              c:/program files (x86)/atmel/atmel toolchain/avr8 gcc/native/3.4.1061/avr8-gnu-toolchain/bin/../lib/gcc/avr/4.8.1/../../../../avr/lib/avr5\libm.a(addsf3.o) (__fp_round)
c:/program files (x86)/atmel/atmel toolchain/avr8 gcc/native/3.4.1061/avr8-gnu-toolchain/bin/../lib/gcc/avr/4.8.1/../../../../avr/lib/avr5\libm.a(fp_split3.o)
                              c:/program files (x86)/atmel/atmel toolchain/avr8 gcc/native/3.4.1061/avr8-gnu-toolchain/bin/../lib/gcc/avr/4.8.1/../../../../avr/lib/avr5\libm.a(addsf3x.o) (__fp_split3)
c:/program files (x86)/atmel/atmel toolchain/avr8 gcc/native/3.4.1061/avr8-gnu-toolchain/bin/../lib/gcc/avr/4.8.1/../../../../avr/lib/avr5\libm.a(fp_zero.o)
[...]
Memory Configuration

Name             Origin             Length             Attributes
text             0x00000000         0x00020000         xr
data             0x00800060         0x0000ffa0         rw !x
eeprom           0x00810000         0x00010000         rw !x
fuse             0x00820000         0x00000400         rw !x
lock             0x00830000         0x00000400         rw !x
signature        0x00840000         0x00000400         rw !x
user_signatures  0x00850000         0x00000400         rw !x
*default*        0x00000000         0xffffffff

Linker script and memory map

Address of section .data set to 0x800100
LOAD c:/program files (x86)/atmel/atmel toolchain/avr8 gcc/native/3.4.1061/avr8-gnu-toolchain/bin/../lib/gcc/avr/4.8.1/../../../../avr/lib/avr5/crtm162.o
LOAD adc.o
LOAD button_interrupts.o
LOAD can.o
LOAD input_conversion.o
LOAD i_o.o
LOAD main_G17.o
LOAD MCP2515_driver.o
LOAD menu.o
LOAD oled.o
LOAD SPI.o
LOAD timer.o
LOAD uart.o
START GROUP
LOAD c:/program files (x86)/atmel/atmel toolchain/avr8 gcc/native/3.4.1061/avr8-gnu-toolchain/bin/../lib/gcc/avr/4.8.1/../../../../avr/lib/avr5\libm.a
END GROUP
START GROUP
LOAD c:/program files (x86)/atmel/atmel toolchain/avr8 gcc/native/3.4.1061/avr8-gnu-toolchain/bin/../lib/gcc/avr/4.8.1/avr5\libgcc.a
LOAD c:/program files (x86)/atmel/atmel toolchain/avr8 gcc/native/3.4.1061/avr8-gnu-toolchain/bin/../lib/gcc/avr/4.8.1/../../../../avr/lib/avr5\libm.a
LOAD c:/program files (x86)/atmel/atmel toolchain/avr8 gcc/native/3.4.1061/avr8-gnu-toolchain/bin/../lib/gcc/avr/4.8.1/../../../../avr/lib/avr5\libc.a
END GROUP

.hash
 *(.hash)

.dynsym
 *(.dynsym)

.dynstr
 *(.dynstr)

.gnu.version
 *(.gnu.version)

.gnu.version_d
 *(.gnu.version_d)

.gnu.version_r
 *(.gnu.version_r)

.rel.init
 *(.rel.init)

.rela.init
 *(.rela.init)

.rel.text
 *(.rel.text)
 *(.rel.text.*)
 *(.rel.gnu.linkonce.t*)

.rela.text
 *(.rela.text)
 *(.rela.text.*)
 *(.rela.gnu.linkonce.t*)

.rel.fini
 *(.rel.fini)

.rela.fini
 *(.rela.fini)

.rel.rodata
 *(.rel.rodata)
 *(.rel.rodata.*)
 *(.rel.gnu.linkonce.r*)

.rela.rodata
 *(.rela.rodata)
 *(.rela.rodata.*)
 *(.rela.gnu.linkonce.r*)

.rel.data
 *(.rel.data)
 *(.rel.data.*)
 *(.rel.gnu.linkonce.d*)

.rela.data
 *(.rela.data)
 *(.rela.data.*)
 *(.rela.gnu.linkonce.d*)

.rel.ctors
 *(.rel.ctors)

.rela.ctors
 *(.rela.ctors)

.rel.dtors
 *(.rel.dtors)

.rela.dtors
 *(.rela.dtors)

.rel.got
 *(.rel.got)

.rela.got
 *(.rela.got)

.rel.bss
 *(.rel.bss)

.rela.bss
 *(.rela.bss)

.rel.plt
 *(.rel.plt)

.rela.plt
 *(.rela.plt)

.text           0x00000000     0x2242
 *(.vectors)
 .vectors       0x00000000       0x70 c:/program files (x86)/atmel/atmel toolchain/avr8 gcc/native/3.4.1061/avr8-gnu-toolchain/bin/../lib/gcc/avr/4.8.1/../../../../avr/lib/avr5/crtm162.o
                0x00000000                __vector_default
                0x00000000                __vectors
 *(.vectors)
 *(.progmem.gcc*)
                0x00000070                . = ALIGN (0x2)
                0x00000070                __trampolines_start = .
 *(.trampolines)
 .trampolines   0x00000070        0x0 linker stubs
 *(.trampolines*)
                0x00000070                __trampolines_end = .
 *(.progmem*)
 .progmem.data.debug_entry_1
                0x00000070        0xa menu.o
                0x00000070                debug_entry_1
 .progmem.data.debug_entry_0
                0x0000007a        0xb menu.o
                0x0000007a                debug_entry_0
 .progmem.data.option_entry_1
                0x00000085        0x9 menu.o
                0x00000085                option_entry_1
 .progmem.data.option_entry_0
                0x0000008e        0x6 menu.o
                0x0000008e                option_entry_0
 .progmem.data.mainmenu_entry_3
                0x00000094        0x8 menu.o
                0x00000094                mainmenu_entry_3
 .progmem.data.mainmenu_entry_2
                0x0000009c        0x6 menu.o
                0x0000009c                mainmenu_entry_2
 .progmem.data.mainmenu_entry_1
                0x000000a2        0xa menu.o
                0x000000a2                mainmenu_entry_1
 .progmem.data.font
                0x000000ac      0x320 oled.o
                0x000000ac                font
                0x000003cc                . = ALIGN (0x2)
 *(.jumptables)
 *(.jumptables*)
 *(.lowtext)
 *(.lowtext*)
                0x000003cc                __ctors_start = .
 *(.ctors)
                0x000003cc                __ctors_end = .
                0x000003cc                __dtors_start = .
 *(.dtors)
                0x000003cc                __dtors_end = .
 SORT(*)(.ctors)
 SORT(*)(.dtors)
 *(.init0)
 .init0         0x000003cc        0x0 c:/program files (x86)/atmel/atmel toolchain/avr8 gcc/native/3.4.1061/avr8-gnu-toolchain/bin/../lib/gcc/avr/4.8.1/../../../../avr/lib/avr5/crtm162.o
                0x000003cc                __init
 *(.init0)
 *(.init1)
 *(.init1)
 *(.init2)
 .init2         0x000003cc        0xc c:/program files (x86)/atmel/atmel toolchain/avr8 gcc/native/3.4.1061/avr8-gnu-toolchain/bin/../lib/gcc/avr/4.8.1/../../../../avr/lib/avr5/crtm162.o
 *(.init2)
 *(.init3)
 *(.init3)
 *(.init4)
 .init4         0x000003d8       0x16 c:/program files (x86)/atmel/atmel toolchain/avr8 gcc/native/3.4.1061/avr8-gnu-toolchain/bin/../lib/gcc/avr/4.8.1/avr5\libgcc.a(_copy_data.o)
                0x000003d8                __do_copy_data
 .init4         0x000003ee       0x10 c:/program files (x86)/atmel/atmel toolchain/avr8 gcc/native/3.4.1061/avr8-gnu-toolchain/bin/../lib/gcc/avr/4.8.1/avr5\libgcc.a(_clear_bss.o)
                0x000003ee                __do_clear_bss
 *(.init4)
 *(.init5)
 *(.init5)
 *(.init6)
 *(.init6)
 *(.init7)
 *(.init7)
 *(.init8)
 *(.init8)
 *(.init9)
 .init9         0x000003fe        0x8 c:/program files (x86)/atmel/atmel toolchain/avr8 gcc/native/3.4.1061/avr8-gnu-toolchain/bin/../lib/gcc/avr/4.8.1/../../../../avr/lib/avr5/crtm162.o
 *(.init9)
 *(.text)
 .text          0x00000406        0x4 c:/program files (x86)/atmel/atmel toolchain/avr8 gcc/native/3.4.1061/avr8-gnu-toolchain/bin/../lib/gcc/avr/4.8.1/../../../../avr/lib/avr5/crtm162.o
                0x00000406                __vector_22
                0x00000406                __vector_24
                0x00000406                __vector_12
                0x00000406                __bad_interrupt
                0x00000406                __vector_6
                0x00000406                __vector_23
                0x00000406                __vector_25
                0x00000406                __vector_11
                0x00000406                __vector_13
                0x00000406                __vector_17
                0x00000406                __vector_19
                0x00000406                __vector_7
                0x00000406                __vector_27
                0x00000406                __vector_5
                0x00000406                __vector_4
                0x00000406                __vector_9
                0x00000406                __vector_21
                0x00000406                __vector_15
                0x00000406                __vector_8
                0x00000406                __vector_26
                0x00000406                __vector_14
                0x00000406                __vector_10
                0x00000406                __vector_18
                0x00000406                __vector_20
                0x0000040a                . = ALIGN (0x2)
 *(.text.*)
 .text.readADC  0x0000040a       0x4c adc.o
                0x0000040a                readADC
 .text.initalize_interrupts
                0x00000456       0x2a button_interrupts.o
                0x00000456                initalize_interrupts
 .text.__vector_1
                0x00000480       0x48 button_interrupts.o
                0x00000480                __vector_1
 .text.__vector_2
                0x000004c8       0x48 button_interrupts.o
                0x000004c8                __vector_2
 .text.CAN_construct_meassage
                0x00000510       0x22 can.o
                0x00000510                CAN_construct_meassage
 .text.CAN_initialize
                0x00000532       0x26 can.o
                0x00000532                CAN_initialize
 .text.__vector_3
                0x00000558       0x22 can.o
                0x00000558                __vector_3
 .text.calibrate_joystick
                0x0000057a       0x8c input_conversion.o
                0x0000057a                calibrate_joystick
 .text.signal_to_range
                0x00000606      0x16e input_conversion.o
                0x00000606                signal_to_range
 .text.read_control_input
                0x00000774      0x158 input_conversion.o
                0x00000774                read_control_input
 .text.initialize_control_input
                0x000008cc       0xae input_conversion.o
                0x000008cc                initialize_control_input
 .text.bootscreen
                0x0000097a      0x18c main_G17.o
                0x0000097a                bootscreen
 .text.initalize
                0x00000b06       0x74 main_G17.o
                0x00000b06                initalize
 .text.main     0x00000b7a       0x1e main_G17.o
                0x00000b7a                main
 .text.MCP2515_bit_modify
                0x00000b98       0x34 MCP2515_driver.o
                0x00000b98                MCP2515_bit_modify
 .text.MCP2515_initialize
                0x00000bcc       0x26 MCP2515_driver.o
                0x00000bcc                MCP2515_initialize
 .text.initialize_menu
                0x00000bf2      0x15c menu.o
                0x00000bf2                initialize_menu
 .text.menu_left_button_flag
                0x00000d4e        0x8 menu.o
                0x00000d4e                menu_left_button_flag
 .text.menu_right_button_flag
                0x00000d56        0x8 menu.o
                0x00000d56                menu_right_button_flag
 .text.oled_home
                0x00000d5e       0x56 oled.o
                0x00000d5e                oled_home
 .text.oled_goto_line
                0x00000db4       0x44 oled.o
                0x00000db4                oled_goto_line
 .text.oled_clear_line
                0x00000df8       0x28 oled.o
                0x00000df8                oled_clear_line
 .text.oled_reset
                0x00000e20       0x1c oled.o
                0x00000e20                oled_reset
 .text.oled_ini
                0x00000e3c      0x11a oled.o
                0x00000e3c                oled_ini
 .text.sram_write_char
                0x00000f56       0x98 oled.o
                0x00000f56                sram_write_char
 .text.sram_write_string
                0x00000fee       0x16 oled.o
                0x00000fee                sram_write_string
 .text.sram_write_or
                0x00001004       0x48 oled.o
                0x00001004                sram_write_or
 .text.sram_pixel
                0x0000104c       0x58 oled.o
                0x0000104c                sram_pixel
 .text.sram_draw_line
                0x000010a4      0x25c oled.o
                0x000010a4                sram_draw_line
 .text.sram_push_line
                0x00001300       0x46 oled.o
                0x00001300                sram_push_line
 .text.sram_push
                0x00001346       0x14 oled.o
                0x00001346                sram_push
 .text.sram_init
                0x0000135a       0x3e oled.o
                0x0000135a                sram_init
 .text.sram_draw_rectangle
                0x00001398       0x62 oled.o
                0x00001398                sram_draw_rectangle
 .text.SPI_send
                0x000013fa        0x8 SPI.o
                0x000013fa                SPI_send
 .text.SPI_select
                0x00001402        0x4 SPI.o
                0x00001402                SPI_select
 .text.SPI_deselect
                0x00001406        0x4 SPI.o
                0x00001406                SPI_deselect
 .text.SPI_initialize
                0x0000140a       0x14 SPI.o
                0x0000140a                SPI_initialize
 .text.initialize_timer
                0x0000141e       0x2a timer.o
                0x0000141e                initialize_timer
 .text.__vector_16
                0x00001448       0x1e timer.o
                0x00001448                __vector_16
 .text.send_UART
                0x00001466        0x8 uart.o
                0x00001466                send_UART
 .text.recieve_UART
                0x0000146e        0xa uart.o
                0x0000146e                recieve_UART
 .text.init_UART
                0x00001478       0x16 uart.o
                0x00001478                init_UART
 .text.avr-libc.fplib
                0x0000148e        0xa c:/program files (x86)/atmel/atmel toolchain/avr8 gcc/native/3.4.1061/avr8-gnu-toolchain/bin/../lib/gcc/avr/4.8.1/../../../../avr/lib/avr5\libm.a(addsf3.o)
                0x0000148e                __subsf3
                0x00001490                __addsf3
 .text.avr-libc.fplib
                0x00001498       0xc0 c:/program files (x86)/atmel/atmel toolchain/avr8 gcc/native/3.4.1061/avr8-gnu-toolchain/bin/../lib/gcc/avr/4.8.1/../../../../avr/lib/avr5\libm.a(addsf3x.o)
                0x000014b2                __addsf3x
 .text.avr-libc.fplib
                0x00001558        0x8 c:/program files (x86)/atmel/atmel toolchain/avr8 gcc/native/3.4.1061/avr8-gnu-toolchain/bin/../lib/gcc/avr/4.8.1/../../../../avr/lib/avr5\libm.a(cmpsf2.o)
                0x00001558                __nesf2
                0x00001558                __eqsf2
                0x00001558                __cmpsf2
                0x00001558                __ltsf2
                0x00001558                __lesf2
 .text.avr-libc.fplib
                0x00001560        0x4 c:/program files (x86)/atmel/atmel toolchain/avr8 gcc/native/3.4.1061/avr8-gnu-toolchain/bin/../lib/gcc/avr/4.8.1/../../../../avr/lib/avr5\libm.a(divsf3.o)
                0x00001560                __divsf3
 .text.avr-libc.fplib
                0x00001564       0xcc c:/program files (x86)/atmel/atmel toolchain/avr8 gcc/native/3.4.1061/avr8-gnu-toolchain/bin/../lib/gcc/avr/4.8.1/../../../../avr/lib/avr5\libm.a(divsf3x.o)
                0x0000157a                __divsf3x
                0x0000157e                __divsf3_pse
 .text.avr-libc.fplib
                0x00001630        0xa c:/program files (x86)/atmel/atmel toolchain/avr8 gcc/native/3.4.1061/avr8-gnu-toolchain/bin/../lib/gcc/avr/4.8.1/../../../../avr/lib/avr5\libm.a(fixsfsi.o)
                0x00001630                __fixsfsi
 .text.avr-libc.fplib
                0x0000163a       0x58 c:/program files (x86)/atmel/atmel toolchain/avr8 gcc/native/3.4.1061/avr8-gnu-toolchain/bin/../lib/gcc/avr/4.8.1/../../../../avr/lib/avr5\libm.a(fixunssfsi.o)
                0x0000163a                __fixunssfsi
 .text.avr-libc.fplib
                0x00001692       0x7a c:/program files (x86)/atmel/atmel toolchain/avr8 gcc/native/3.4.1061/avr8-gnu-toolchain/bin/../lib/gcc/avr/4.8.1/../../../../avr/lib/avr5\libm.a(floatsisf.o)
                0x00001692                __floatunsisf
                0x00001696                __floatsisf
 .text.avr-libc.fplib
                0x0000170c       0x48 c:/program files (x86)/atmel/atmel toolchain/avr8 gcc/native/3.4.1061/avr8-gnu-toolchain/bin/../lib/gcc/avr/4.8.1/../../../../avr/lib/avr5\libm.a(fp_cmp.o)
                0x0000170c                __fp_cmp
 .text.avr-libc.fplib
                0x00001754        0xc c:/program files (x86)/atmel/atmel toolchain/avr8 gcc/native/3.4.1061/avr8-gnu-toolchain/bin/../lib/gcc/avr/4.8.1/../../../../avr/lib/avr5\libm.a(fp_inf.o)
                0x00001754                __fp_inf
 .text.avr-libc.fplib
                0x00001760        0x6 c:/program files (x86)/atmel/atmel toolchain/avr8 gcc/native/3.4.1061/avr8-gnu-toolchain/bin/../lib/gcc/avr/4.8.1/../../../../avr/lib/avr5\libm.a(fp_nan.o)
                0x00001760                __fp_nan
 .text.avr-libc.fplib
                0x00001766        0xe c:/program files (x86)/atmel/atmel toolchain/avr8 gcc/native/3.4.1061/avr8-gnu-toolchain/bin/../lib/gcc/avr/4.8.1/../../../../avr/lib/avr5\libm.a(fp_pscA.o)
                0x00001766                __fp_pscA
 .text.avr-libc.fplib
                0x00001774        0xe c:/program files (x86)/atmel/atmel toolchain/avr8 gcc/native/3.4.1061/avr8-gnu-toolchain/bin/../lib/gcc/avr/4.8.1/../../../../avr/lib/avr5\libm.a(fp_pscB.o)
                0x00001774                __fp_pscB
 .text.avr-libc.fplib
                0x00001782       0x22 c:/program files (x86)/atmel/atmel toolchain/avr8 gcc/native/3.4.1061/avr8-gnu-toolchain/bin/../lib/gcc/avr/4.8.1/../../../../avr/lib/avr5\libm.a(fp_round.o)
                0x00001782                __fp_round
 .text.avr-libc.fplib
                0x000017a4       0x44 c:/program files (x86)/atmel/atmel toolchain/avr8 gcc/native/3.4.1061/avr8-gnu-toolchain/bin/../lib/gcc/avr/4.8.1/../../../../avr/lib/avr5\libm.a(fp_split3.o)
                0x000017a4                __fp_split3
                0x000017b4                __fp_splitA
 .text.avr-libc.fplib
                0x000017e8        0xe c:/program files (x86)/atmel/atmel toolchain/avr8 gcc/native/3.4.1061/avr8-gnu-toolchain/bin/../lib/gcc/avr/4.8.1/../../../../avr/lib/avr5\libm.a(fp_zero.o)
                0x000017e8                __fp_zero
                0x000017ea                __fp_szero
 .text.avr-libc.fplib
                0x000017f6        0x4 c:/program files (x86)/atmel/atmel toolchain/avr8 gcc/native/3.4.1061/avr8-gnu-toolchain/bin/../lib/gcc/avr/4.8.1/../../../../avr/lib/avr5\libm.a(mulsf3.o)
                0x000017f6                __mulsf3
 .text.avr-libc.fplib
                0x000017fa       0xc2 c:/program files (x86)/atmel/atmel toolchain/avr8 gcc/native/3.4.1061/avr8-gnu-toolchain/bin/../lib/gcc/avr/4.8.1/../../../../avr/lib/avr5\libm.a(mulsf3x.o)
                0x0000180e                __mulsf3x
                0x00001812                __mulsf3_pse
 .text.libgcc.div
                0x000018bc       0x28 c:/program files (x86)/atmel/atmel toolchain/avr8 gcc/native/3.4.1061/avr8-gnu-toolchain/bin/../lib/gcc/avr/4.8.1/avr5\libgcc.a(_divmodhi4.o)
                0x000018bc                _div
                0x000018bc                __divmodhi4
 .text.libgcc.div
                0x000018e4       0x2e c:/program files (x86)/atmel/atmel toolchain/avr8 gcc/native/3.4.1061/avr8-gnu-toolchain/bin/../lib/gcc/avr/4.8.1/avr5\libgcc.a(_divmodsi4.o)
                0x000018e4                __divmodsi4
 .text.libgcc.div
                0x00001912       0x10 c:/program files (x86)/atmel/atmel toolchain/avr8 gcc/native/3.4.1061/avr8-gnu-toolchain/bin/../lib/gcc/avr/4.8.1/avr5\libgcc.a(_negsi2.o)
                0x00001912                __negsi2
 .text.libgcc.div
                0x00001922       0x28 c:/program files (x86)/atmel/atmel toolchain/avr8 gcc/native/3.4.1061/avr8-gnu-toolchain/bin/../lib/gcc/avr/4.8.1/avr5\libgcc.a(_udivmodhi4.o)
                0x00001922                __udivmodhi4
 .text.libgcc.div
                0x0000194a       0x44 c:/program files (x86)/atmel/atmel toolchain/avr8 gcc/native/3.4.1061/avr8-gnu-toolchain/bin/../lib/gcc/avr/4.8.1/avr5\libgcc.a(_udivmodsi4.o)
                0x0000194a                __udivmodsi4
 .text.avr-libc
                0x0000198e       0x96 c:/program files (x86)/atmel/atmel toolchain/avr8 gcc/native/3.4.1061/avr8-gnu-toolchain/bin/../lib/gcc/avr/4.8.1/../../../../avr/lib/avr5\libc.a(fdevopen.o)
                0x0000198e                fdevopen
 .text.avr-libc
                0x00001a24       0x28 c:/program files (x86)/atmel/atmel toolchain/avr8 gcc/native/3.4.1061/avr8-gnu-toolchain/bin/../lib/gcc/avr/4.8.1/../../../../avr/lib/avr5\libc.a(printf.o)
                0x00001a24                printf
 .text.avr-libc
                0x00001a4c      0x3a4 c:/program files (x86)/atmel/atmel toolchain/avr8 gcc/native/3.4.1061/avr8-gnu-toolchain/bin/../lib/gcc/avr/4.8.1/../../../../avr/lib/avr5\libc.a(vfprintf_std.o)
                0x00001a4c                vfprintf
 .text.avr-libc
                0x00001df0       0x38 c:/program files (x86)/atmel/atmel toolchain/avr8 gcc/native/3.4.1061/avr8-gnu-toolchain/bin/../lib/gcc/avr/4.8.1/../../../../avr/lib/avr5\libc.a(calloc.o)
                0x00001df0                calloc
 .text.avr-libc
                0x00001e28      0x24e c:/program files (x86)/atmel/atmel toolchain/avr8 gcc/native/3.4.1061/avr8-gnu-toolchain/bin/../lib/gcc/avr/4.8.1/../../../../avr/lib/avr5\libc.a(malloc.o)
                0x00001e28                malloc
                0x00001f58                free
 .text.avr-libc
                0x00002076       0x16 c:/program files (x86)/atmel/atmel toolchain/avr8 gcc/native/3.4.1061/avr8-gnu-toolchain/bin/../lib/gcc/avr/4.8.1/../../../../avr/lib/avr5\libc.a(strnlen_P.o)
                0x00002076                strnlen_P
 .text.avr-libc
                0x0000208c        0xe c:/program files (x86)/atmel/atmel toolchain/avr8 gcc/native/3.4.1061/avr8-gnu-toolchain/bin/../lib/gcc/avr/4.8.1/../../../../avr/lib/avr5\libc.a(memset.o)
                0x0000208c                memset
 .text.avr-libc
                0x0000209a       0x16 c:/program files (x86)/atmel/atmel toolchain/avr8 gcc/native/3.4.1061/avr8-gnu-toolchain/bin/../lib/gcc/avr/4.8.1/../../../../avr/lib/avr5\libc.a(strnlen.o)
                0x0000209a                strnlen
 .text.avr-libc
                0x000020b0       0x64 c:/program files (x86)/atmel/atmel toolchain/avr8 gcc/native/3.4.1061/avr8-gnu-toolchain/bin/../lib/gcc/avr/4.8.1/../../../../avr/lib/avr5\libc.a(fputc.o)
                0x000020b0                fputc
 .text.avr-libc
                0x00002114       0xbc c:/program files (x86)/atmel/atmel toolchain/avr8 gcc/native/3.4.1061/avr8-gnu-toolchain/bin/../lib/gcc/avr/4.8.1/../../../../avr/lib/avr5\libc.a(ultoa_invert.o)
                0x00002114                __ultoa_invert
 .text.libgcc.prologue
                0x000021d0       0x38 c:/program files (x86)/atmel/atmel toolchain/avr8 gcc/native/3.4.1061/avr8-gnu-toolchain/bin/../lib/gcc/avr/4.8.1/avr5\libgcc.a(_prologue.o)
                0x000021d0                __prologue_saves__
 .text.libgcc.prologue
                0x00002208       0x36 c:/program files (x86)/atmel/atmel toolchain/avr8 gcc/native/3.4.1061/avr8-gnu-toolchain/bin/../lib/gcc/avr/4.8.1/avr5\libgcc.a(_epilogue.o)
                0x00002208                __epilogue_restores__
                0x0000223e                . = ALIGN (0x2)
 *(.fini9)
 .fini9         0x0000223e        0x0 c:/program files (x86)/atmel/atmel toolchain/avr8 gcc/native/3.4.1061/avr8-gnu-toolchain/bin/../lib/gcc/avr/4.8.1/avr5\libgcc.a(_exit.o)
                0x0000223e                _exit
                0x0000223e                exit
 *(.fini9)
 *(.fini8)
 *(.fini8)
 *(.fini7)
 *(.fini7)
 *(.fini6)
 *(.fini6)
 *(.fini5)
 *(.fini5)
 *(.fini4)
 *(.fini4)
 *(.fini3)
 *(.fini3)
 *(.fini2)
 *(.fini2)
 *(.fini1)
 *(.fini1)
 *(.fini0)
 .fini0         0x0000223e        0x4 c:/program files (x86)/atmel/atmel toolchain/avr8 gcc/native/3.4.1061/avr8-gnu-toolchain/bin/../lib/gcc/avr/4.8.1/avr5\libgcc.a(_exit.o)
 *(.fini0)
                0x00002242                _etext = .

.data           0x00800100      0x1b2 load address 0x00002242
                0x00800100                PROVIDE (__data_start, .)
 *(.data)
 .data          0x00800100        0x6 c:/program files (x86)/atmel/atmel toolchain/avr8 gcc/native/3.4.1061/avr8-gnu-toolchain/bin/../lib/gcc/avr/4.8.1/../../../../avr/lib/avr5\libc.a(malloc.o)
                0x00800100                __malloc_heap_end
                0x00800102                __malloc_heap_start
                0x00800104                __malloc_margin
 *(.data*)
 .data.ext_ram  0x00800106        0x2 oled.o
                0x00800106                ext_ram
 .data.oled_data
                0x00800108        0x2 oled.o
                0x00800108                oled_data
 .data.oled_cmd
                0x0080010a        0x2 oled.o
                0x0080010a                oled_cmd
 *(.rodata)
 *(.rodata*)
 .rodata.str1.1
                0x0080010c       0x52 input_conversion.o
 .rodata.str1.1
                0x0080015e      0x154 main_G17.o
 *(.gnu.linkonce.d*)
                0x008002b2                . = ALIGN (0x2)
                0x008002b2                _edata = .
                0x008002b2                PROVIDE (__data_end, .)

.bss            0x008002b2       0x83
                0x008002b2                PROVIDE (__bss_start, .)
 *(.bss)
 *(.bss*)
 .bss.FLAG_new_message
                0x008002b2        0x1 can.o
                0x008002b2                FLAG_new_message
 .bss.CAN_send_buffer
                0x008002b3        0xb can.o
 .bss.ref_R     0x008002be        0x2 input_conversion.o
                0x008002be                ref_R
 .bss.ref_L     0x008002c0        0x2 input_conversion.o
                0x008002c0                ref_L
 .bss.ref_Y     0x008002c2        0x2 input_conversion.o
                0x008002c2                ref_Y
 .bss.ref_X     0x008002c4        0x2 input_conversion.o
                0x008002c4                ref_X
 .bss.calibrate_y
                0x008002c6        0x2 input_conversion.o
                0x008002c6                calibrate_y
 .bss.calibrate_x
                0x008002c8        0x2 input_conversion.o
                0x008002c8                calibrate_x
 .bss.left_button_flag
                0x008002ca        0x1 menu.o
                0x008002ca                left_button_flag
 .bss.right_button_flag
                0x008002cb        0x1 menu.o
                0x008002cb                right_button_flag
 .bss.col_sram  0x008002cc        0x2 oled.o
                0x008002cc                col_sram
 .bss.page_sram
                0x008002ce        0x2 oled.o
                0x008002ce                page_sram
 *(COMMON)
 COMMON         0x008002d0       0x5a menu.o
                0x008002d0                current_head
                0x008002d2                current_selected
                0x008002d4                mainmenu_2
                0x008002de                temp
                0x008002ee                option_0
                0x008002f8                option_1
                0x00800302                mainmenu_0
                0x0080030c                debug_0
                0x00800316                debug_1
                0x00800320                mainmenu_1
 COMMON         0x0080032a        0x1 timer.o
                0x0080032a                FLAG_refresh_screen
 COMMON         0x0080032b        0x6 c:/program files (x86)/atmel/atmel toolchain/avr8 gcc/native/3.4.1061/avr8-gnu-toolchain/bin/../lib/gcc/avr/4.8.1/../../../../avr/lib/avr5\libc.a(iob.o)
                0x0080032b                __iob
 COMMON         0x00800331        0x4 c:/program files (x86)/atmel/atmel toolchain/avr8 gcc/native/3.4.1061/avr8-gnu-toolchain/bin/../lib/gcc/avr/4.8.1/../../../../avr/lib/avr5\libc.a(malloc.o)
                0x00800331                __brkval
                0x00800333                __flp
                0x00800335                PROVIDE (__bss_end, .)
                0x00002242                __data_load_start = LOADADDR (.data)
                0x000023f4                __data_load_end = (__data_load_start + SIZEOF (.data))

.noinit         0x00800335        0x0
                0x00800335                PROVIDE (__noinit_start, .)
 *(.noinit*)
                0x00800335                PROVIDE (__noinit_end, .)
                0x00800335                _end = .
                0x00800335                PROVIDE (__heap_start, .)

.eeprom         0x00810000        0x0
 *(.eeprom*)
                0x00810000                __eeprom_end = .

.fuse
 *(.fuse)
 *(.lfuse)
 *(.hfuse)
 *(.efuse)

.lock
 *(.lock*)

.signature
 *(.signature*)

.user_signatures
 *(.user_signatures*)

.stab
 *(.stab)

.stabstr
 *(.stabstr)

.stab.excl
 *(.stab.excl)

.stab.exclstr
 *(.stab.exclstr)

.stab.index
 *(.stab.index)

.stab.indexstr
 *(.stab.indexstr)

.comment        0x00000000       0x5c
 *(.comment)
 .comment       0x00000000       0x30 adc.o
                                 0x31 (size before relaxing)
 .comment       0x00000000       0x31 button_interrupts.o
 .comment       0x00000000       0x31 can.o
 .comment       0x00000000       0x31 input_conversion.o
 .comment       0x00000000       0x31 main_G17.o
 .comment       0x00000000       0x31 MCP2515_driver.o
 .comment       0x00000000       0x31 menu.o
 .comment       0x00000000       0x31 oled.o
 .comment       0x00000000       0x31 SPI.o
 .comment       0x00000000       0x31 timer.o
 .comment       0x00000000       0x31 uart.o
 .comment       0x00000000       0x31 c:/program files (x86)/atmel/atmel toolchain/avr8 gcc/native/3.4.1061/avr8-gnu-toolchain/bin/../lib/gcc/avr/4.8.1/../../../../avr/lib/avr5\libc.a(fdevopen.o)
 .comment       0x00000000       0x31 c:/program files (x86)/atmel/atmel toolchain/avr8 gcc/native/3.4.1061/avr8-gnu-toolchain/bin/../lib/gcc/avr/4.8.1/../../../../avr/lib/avr5\libc.a(iob.o)
 .comment       0x00000000       0x31 c:/program files (x86)/atmel/atmel toolchain/avr8 gcc/native/3.4.1061/avr8-gnu-toolchain/bin/../lib/gcc/avr/4.8.1/../../../../avr/lib/avr5\libc.a(printf.o)
 .comment       0x00000030       0x2c c:/program files (x86)/atmel/atmel toolchain/avr8 gcc/native/3.4.1061/avr8-gnu-toolchain/bin/../lib/gcc/avr/4.8.1/../../../../avr/lib/avr5\libc.a(vfprintf_std.o)
                                 0x2d (size before relaxing)
 .comment       0x00000000       0x31 c:/program files (x86)/atmel/atmel toolchain/avr8 gcc/native/3.4.1061/avr8-gnu-toolchain/bin/../lib/gcc/avr/4.8.1/../../../../avr/lib/avr5\libc.a(calloc.o)
 .comment       0x00000000       0x31 c:/program files (x86)/atmel/atmel toolchain/avr8 gcc/native/3.4.1061/avr8-gnu-toolchain/bin/../lib/gcc/avr/4.8.1/../../../../avr/lib/avr5\libc.a(malloc.o)
 .comment       0x00000000       0x31 c:/program files (x86)/atmel/atmel toolchain/avr8 gcc/native/3.4.1061/avr8-gnu-toolchain/bin/../lib/gcc/avr/4.8.1/../../../../avr/lib/avr5\libc.a(fputc.o)

.note.gnu.build-id
 *(.note.gnu.build-id)

.debug
 *(.debug)

.line
 *(.line)

.debug_srcinfo
 *(.debug_srcinfo)

.debug_sfnames
 *(.debug_sfnames)

.debug_aranges  0x00000000      0x368
 *(.debug_aranges)
 .debug_aranges
                0x00000000       0x20 adc.o
 .debug_aranges
                0x00000020       0x30 button_interrupts.o
 .debug_aranges
                0x00000050       0x60 can.o
 .debug_aranges
                0x000000b0       0x38 input_conversion.o
 .debug_aranges
                0x000000e8       0x38 main_G17.o
 .debug_aranges
                0x00000120       0x58 MCP2515_driver.o
 .debug_aranges
                0x00000178       0x60 menu.o
 .debug_aranges
                0x000001d8       0xe0 oled.o
 .debug_aranges
                0x000002b8       0x40 SPI.o
 .debug_aranges
                0x000002f8       0x38 timer.o
 .debug_aranges
                0x00000330       0x38 uart.o

.debug_pubnames
 *(.debug_pubnames)

.debug_info     0x00000000     0x3a81
 *(.debug_info .gnu.linkonce.wi.*)
 .debug_info    0x00000000      0x12f adc.o
 .debug_info    0x0000012f       0xe6 button_interrupts.o
 .debug_info    0x00000215      0x4e1 can.o
 .debug_info    0x000006f6      0x44f input_conversion.o
 .debug_info    0x00000b45      0x888 main_G17.o
 .debug_info    0x000013cd      0x46d MCP2515_driver.o
 .debug_info    0x0000183a      0xeb2 menu.o
 .debug_info    0x000026ec      0xf25 oled.o
 .debug_info    0x00003611      0x116 SPI.o
 .debug_info    0x00003727       0xef timer.o
 .debug_info    0x00003816      0x26b uart.o

.debug_abbrev   0x00000000     0x10d8
 *(.debug_abbrev)
 .debug_abbrev  0x00000000       0xe9 adc.o
 .debug_abbrev  0x000000e9       0x87 button_interrupts.o
 .debug_abbrev  0x00000170      0x24d can.o
 .debug_abbrev  0x000003bd      0x13f input_conversion.o
 .debug_abbrev  0x000004fc      0x229 main_G17.o
 .debug_abbrev  0x00000725      0x15a MCP2515_driver.o
 .debug_abbrev  0x0000087f      0x28f menu.o
 .debug_abbrev  0x00000b0e      0x2b9 oled.o
 .debug_abbrev  0x00000dc7       0xd0 SPI.o
 .debug_abbrev  0x00000e97       0xbd timer.o
 .debug_abbrev  0x00000f54      0x184 uart.o

.debug_line     0x00000000     0x1210
 *(.debug_line .debug_line.* .debug_line_end)
 .debug_line    0x00000000      0x130 adc.o
 .debug_line    0x00000130       0xe7 button_interrupts.o
 .debug_line    0x00000217      0x1a5 can.o
 .debug_line    0x000003bc      0x12f input_conversion.o
 .debug_line    0x000004eb      0x216 main_G17.o
 .debug_line    0x00000701      0x16a MCP2515_driver.o
 .debug_line    0x0000086b      0x33d menu.o
 .debug_line    0x00000ba8      0x38a oled.o
 .debug_line    0x00000f32       0xfb SPI.o
 .debug_line    0x0000102d       0xdf timer.o
 .debug_line    0x0000110c      0x104 uart.o

.debug_frame    0x00000000      0xa28
 *(.debug_frame)
 .debug_frame   0x00000000       0x24 adc.o
 .debug_frame   0x00000024       0xd4 button_interrupts.o
 .debug_frame   0x000000f8      0x100 can.o
 .debug_frame   0x000001f8      0x124 input_conversion.o
 .debug_frame   0x0000031c       0xe4 main_G17.o
 .debug_frame   0x00000400       0xf4 MCP2515_driver.o
 .debug_frame   0x000004f4       0xec menu.o
 .debug_frame   0x000005e0      0x324 oled.o
 .debug_frame   0x00000904       0x64 SPI.o
 .debug_frame   0x00000968       0x64 timer.o
 .debug_frame   0x000009cc       0x5c uart.o

.debug_str      0x00000000      0xbb2
 *(.debug_str)
 .debug_str     0x00000000      0x1a7 adc.o
                                0x1e0 (size before relaxing)
 .debug_str     0x000001a7       0x79 button_interrupts.o
                                0x1ec (size before relaxing)
 .debug_str     0x00000220      0x1c5 can.o
                                0x2da (size before relaxing)
 .debug_str     0x000003e5       0xd4 input_conversion.o
                                0x278 (size before relaxing)
 .debug_str     0x000004b9      0x147 main_G17.o
                                0x342 (size before relaxing)
 .debug_str     0x00000600       0xaa MCP2515_driver.o
                                0x291 (size before relaxing)
 .debug_str     0x000006aa      0x35b menu.o
                                0x5e3 (size before relaxing)
 .debug_str     0x00000a05      0x12a oled.o
                                0x3a4 (size before relaxing)
 .debug_str     0x00000b2f        0xb SPI.o
                                0x1c4 (size before relaxing)
 .debug_str     0x00000b3a       0x2d timer.o
                                0x1d8 (size before relaxing)
 .debug_str     0x00000b67       0x4b uart.o
                                0x1f4 (size before relaxing)

.debug_loc      0x00000000     0x25dc
 *(.debug_loc)
 .debug_loc     0x00000000       0xe3 adc.o
 .debug_loc     0x000000e3      0x196 button_interrupts.o
 .debug_loc     0x00000279      0x2f5 can.o
 .debug_loc     0x0000056e      0x55e input_conversion.o
 .debug_loc     0x00000acc      0x292 main_G17.o
 .debug_loc     0x00000d5e      0x340 MCP2515_driver.o
 .debug_loc     0x0000109e      0x2cf menu.o
 .debug_loc     0x0000136d     0x11a1 oled.o
 .debug_loc     0x0000250e       0x68 timer.o
 .debug_loc     0x00002576       0x66 uart.o

.debug_macinfo
 *(.debug_macinfo)

.debug_weaknames
 *(.debug_weaknames)

.debug_funcnames
 *(.debug_funcnames)

.debug_typenames
 *(.debug_typenames)

.debug_varnames
 *(.debug_varnames)

.debug_pubtypes
 *(.debug_pubtypes)

.debug_ranges   0x00000000      0x318
 *(.debug_ranges)
 .debug_ranges  0x00000000       0x10 adc.o
 .debug_ranges  0x00000010       0x20 button_interrupts.o
 .debug_ranges  0x00000030       0x50 can.o
 .debug_ranges  0x00000080       0x28 input_conversion.o
 .debug_ranges  0x000000a8       0x58 main_G17.o
 .debug_ranges  0x00000100       0x48 MCP2515_driver.o
 .debug_ranges  0x00000148       0x50 menu.o
 .debug_ranges  0x00000198      0x100 oled.o
 .debug_ranges  0x00000298       0x30 SPI.o
 .debug_ranges  0x000002c8       0x28 timer.o
 .debug_ranges  0x000002f0       0x28 uart.o

.debug_macro
 *(.debug_macro)
OUTPUT(Oving1_TTK4155_G17_H17.elf elf32-avr)
LOAD linker stubs
